Firebase Admin SDK initialized for tests.
--- Starting global setup for tests ---
Global setup: Found existing user 'test.test@test.test' with UID: WT886O6XOyQzYloFo7cHCNsahEx2
Global setup: Created or updated store for user ID: WT886O6XOyQzYloFo7cHCNsahEx2
Global setup: Created initial menu item.
--- Global setup complete ---

Running 1 test using 1 worker

[1A[2KFirebase Admin SDK initialized for tests.

[1A[2K[1/1] [chromium] 窶ｺ tests\customer-flow.spec.ts:4:1 窶ｺ Customer Order Flow
[1A[2K[chromium] 窶ｺ tests\customer-flow.spec.ts:4:1 窶ｺ Customer Order Flow
PAGE LOG: [vite] connecting...

[1A[2KPAGE LOG: [vite] connected.

[1A[2KPAGE LOG: %cDownload the React DevTools for a better development experience: https://react.dev/link/react-devtools font-weight:bold

[1A[2KPAGE LOG: JULES_BUILD_V6_ROBUST_ORDERING_LOGS

[1A[2KPAGE LOG: [2025-11-28T12:31:33.530Z]  @firebase/firestore: Firestore (12.4.0): FirebaseAuthCredentialsProvider Auth detected

[1A[2KPAGE LOG: 笞・・React Router Future Flag Warning: React Router will begin wrapping state updates in `React.startTransition` in v7. You can use the `v7_startTransition` future flag to opt-in early. For more information, see https://reactrouter.com/v6/upgrading/future#v7_starttransition.

[1A[2KPAGE LOG: [2025-11-28T12:31:33.534Z]  @firebase/firestore: Firestore (12.4.0): FirebaseAppCheckTokenProvider AppCheck not yet detected

[1A[2KPAGE LOG: You may test your Stripe.js integration over HTTP. However, live Stripe.js integrations must use HTTPS.

[1A[2KPAGE LOG: You may test your Stripe.js integration over HTTP. However, live Stripe.js integrations must use HTTPS.

[1A[2KPAGE LOG: [2025-11-28T12:31:33.591Z]  @firebase/firestore: Firestore (12.4.0): FirestoreClient Received user= null

[1A[2KPAGE LOG: [2025-11-28T12:31:33.592Z]  @firebase/firestore: Firestore (12.4.0): FirestoreClient Using default OnlineComponentProvider

[1A[2KPAGE LOG: [2025-11-28T12:31:33.592Z]  @firebase/firestore: Firestore (12.4.0): FirestoreClient Using default OfflineComponentProvider

[1A[2KPAGE LOG: [2025-11-28T12:31:33.592Z]  @firebase/firestore: Firestore (12.4.0): FirestoreClient Initializing OfflineComponentProvider

[1A[2KPAGE LOG: [2025-11-28T12:31:33.593Z]  @firebase/firestore: Firestore (12.4.0): FirestoreClient Initializing OnlineComponentProvider

[1A[2KPAGE LOG: [2025-11-28T12:31:33.594Z]  @firebase/firestore: Firestore (12.4.0): MemoryPersistence Starting transaction: Allocate target

[1A[2KPAGE LOG: [2025-11-28T12:31:33.595Z]  @firebase/firestore: Firestore (12.4.0): MemoryPersistence Starting transaction: Execute query

[1A[2KPAGE LOG: [2025-11-28T12:31:33.596Z]  @firebase/firestore: Firestore (12.4.0): QueryEngine Using full collection scan to execute query: Query(target=Target(menus, filters: [storeId == WT886O6XOyQzYloFo7cHCNsahEx2], orderBy: [sortOrder (asc), __name__ (asc)]); limitType=F)

[1A[2KPAGE LOG: [2025-11-28T12:31:33.598Z]  @firebase/firestore: Firestore (12.4.0): WebChannelConnection Creating RPC 'Listen' stream 0x6f894ce1: https://firestore.googleapis.com/google.firestore.v1.Firestore/Listen/channel {"httpSessionIdParam":"gsessionid","initMessageHeaders":{"X-Goog-Api-Client":"gl-js/ fire/12.4.0","Content-Type":"text/plain","X-Firebase-GMPID":"1:787536235591:web:f76b302496a2584b7cb562"},"messageUrlParams":{"database":"projects/marche-order-app/databases/(default)"},"sendRawJson":true,"supportsCrossDomainXhr":true,"internalChannelParams":{"forwardChannelRequestTimeoutMs":600000},"forceLongPolling":false,"detectBufferingProxy":true,"useFetchStreams":true,"encodeInitMessageHeaders":true}

[1A[2KPAGE LOG: [2025-11-28T12:31:33.599Z]  @firebase/firestore: Firestore (12.4.0): MemoryPersistence Starting transaction: Allocate target

[1A[2KPAGE LOG: [2025-11-28T12:31:33.599Z]  @firebase/firestore: Firestore (12.4.0): MemoryPersistence Starting transaction: Execute query

[1A[2KPAGE LOG: [2025-11-28T12:31:33.599Z]  @firebase/firestore: Firestore (12.4.0): QueryEngine Using full collection scan to execute query: Query(target=Target(optionGroups, filters: [storeId == WT886O6XOyQzYloFo7cHCNsahEx2], orderBy: [name (asc), __name__ (asc)]); limitType=F)

[1A[2KPAGE LOG: [2025-11-28T12:31:33.603Z]  @firebase/firestore: Firestore (12.4.0): WebChannelConnection Opening RPC 'Listen' stream 0x6f894ce1 transport.

[1A[2KPAGE LOG: [2025-11-28T12:31:33.604Z]  @firebase/firestore: Firestore (12.4.0): WebChannelConnection RPC 'Listen' stream 0x6f894ce1 sending: {"database":"projects/marche-order-app/databases/(default)","addTarget":{"query":{"structuredQuery":{"from":[{"collectionId":"menus"}],"where":{"fieldFilter":{"field":{"fieldPath":"storeId"},"op":"EQUAL","value":{"stringValue":"WT886O6XOyQzYloFo7cHCNsahEx2"}}},"orderBy":[{"field":{"fieldPath":"sortOrder"},"direction":"ASCENDING"},{"field":{"fieldPath":"__name__"},"direction":"ASCENDING"}]},"parent":"projects/marche-order-app/databases/(default)/documents"},"targetId":2}}

[1A[2KPAGE LOG: [2025-11-28T12:31:33.604Z]  @firebase/firestore: Firestore (12.4.0): WebChannelConnection RPC 'Listen' stream 0x6f894ce1 sending: {"database":"projects/marche-order-app/databases/(default)","addTarget":{"query":{"structuredQuery":{"from":[{"collectionId":"optionGroups"}],"where":{"fieldFilter":{"field":{"fieldPath":"storeId"},"op":"EQUAL","value":{"stringValue":"WT886O6XOyQzYloFo7cHCNsahEx2"}}},"orderBy":[{"field":{"fieldPath":"name"},"direction":"ASCENDING"},{"field":{"fieldPath":"__name__"},"direction":"ASCENDING"}]},"parent":"projects/marche-order-app/databases/(default)/documents"},"targetId":4}}

[1A[2KPAGE LOG: [2025-11-28T12:31:33.689Z]  @firebase/firestore: Firestore (12.4.0): WebChannelConnection RPC 'Listen' stream 0x6f894ce1 transport opened.

[1A[2KPAGE LOG: [2025-11-28T12:31:33.733Z]  @firebase/firestore: Firestore (12.4.0): WebChannelConnection RPC 'Listen' stream 0x6f894ce1 received: {"targetChange":{"targetChangeType":"ADD","targetIds":[2]}}

[1A[2KPAGE LOG: [2025-11-28T12:31:33.734Z]  @firebase/firestore: Firestore (12.4.0): WebChannelConnection RPC 'Listen' stream 0x6f894ce1 received: {"targetChange":{"targetChangeType":"ADD","targetIds":[4]}}

[1A[2KPAGE LOG: [2025-11-28T12:31:33.734Z]  @firebase/firestore: Firestore (12.4.0): WebChannelConnection RPC 'Listen' stream 0x6f894ce1 detected no buffering proxy

[1A[2KPAGE LOG: [2025-11-28T12:31:33.739Z]  @firebase/firestore: Firestore (12.4.0): WebChannelConnection RPC 'Listen' stream 0x6f894ce1 received: {"documentChange":{"document":{"name":"projects/marche-order-app/databases/(default)/documents/optionGroups/gDSYfJzp70NIsfuxVEom","fields":{"choices":{"arrayValue":{"values":[{"mapValue":{"fields":{"name":{"stringValue":"・・},"id":{"stringValue":"choice_1763897997820_s86w53g3z"},"priceModifier":{"integerValue":"500"}}}},{"mapValue":{"fields":{"name":{"stringValue":"・・},"id":{"stringValue":"choice_1763897997820_r2tdg6cvp"},"priceModifier":{"integerValue":"6000"}}}},{"mapValue":{"fields":{"name":{"stringValue":"・・},"priceModifier":{"integerValue":"2421"},"id":{"stringValue":"choice_1763897997820_66jzjjzgr"}}}}]}},"storeId":{"stringValue":"WT886O6XOyQzYloFo7cHCNsahEx2"},"selectionType":{"stringValue":"multiple"},"name":{"stringValue":"繧ｵ繧､繧ｺ"}},"createTime":"2025-11-23T11:39:58.504190Z","updateTime":"2025-11-23T11:39:58.504190Z"},"targetIds":[4]}}

[1A[2KPAGE LOG: [2025-11-28T12:31:33.740Z]  @firebase/firestore: Firestore (12.4.0): WebChannelConnection RPC 'Listen' stream 0x6f894ce1 received: {"targetChange":{"targetChangeType":"CURRENT","targetIds":[4],"resumeToken":"CgkI3+32+uyUkQM=","readTime":"2025-11-28T12:31:34.549215Z"}}

[1A[2KPAGE LOG: [2025-11-28T12:31:33.746Z]  @firebase/firestore: Firestore (12.4.0): WebChannelConnection RPC 'Listen' stream 0x6f894ce1 received: {"documentChange":{"document":{"name":"projects/marche-order-app/databases/(default)/documents/menus/RfZCO5F7LTRptddq6XW3","fields":{"sortOrder":{"integerValue":"0"},"description":{"stringValue":""},"isSoldOut":{"booleanValue":true},"imageUrl":{"stringValue":""},"category":{"stringValue":"繝峨Μ繝・・"},"storeId":{"stringValue":"WT886O6XOyQzYloFo7cHCNsahEx2"},"price":{"integerValue":"500"},"name":{"stringValue":"繧ｫ繝輔ぉ繧ｪ繝ｬ"},"stock":{"integerValue":"0"},"optionGroupIds":{"arrayValue":{"values":[{"stringValue":"1"},{"stringValue":"2"},{"stringValue":"gDSYfJzp70NIsfuxVEom"}]}},"manageStock":{"booleanValue":false}},"createTime":"2025-11-21T15:14:14.363404Z","updateTime":"2025-11-25T09:03:00.140426Z"},"targetIds":[2]}}

[1A[2KPAGE LOG: [2025-11-28T12:31:33.746Z]  @firebase/firestore: Firestore (12.4.0): WebChannelConnection RPC 'Listen' stream 0x6f894ce1 received: {"documentChange":{"document":{"name":"projects/marche-order-app/databases/(default)/documents/menus/myMEVOx2vTzyOrgX2TNd","fields":{"sortOrder":{"integerValue":"0"},"isSoldOut":{"booleanValue":true},"category":{"stringValue":"繝峨Μ繝・・"},"name":{"stringValue":"縺ｲ繧阪・繧・},"optionGroupIds":{"arrayValue":{"values":[{"stringValue":"gDSYfJzp70NIsfuxVEom"}]}},"description":{"stringValue":""},"stock":{"integerValue":"0"},"imageUrl":{"stringValue":""},"manageStock":{"booleanValue":false},"storeId":{"stringValue":"WT886O6XOyQzYloFo7cHCNsahEx2"},"price":{"integerValue":"500"}},"createTime":"2025-11-23T11:48:46.443236Z","updateTime":"2025-11-25T09:03:00.774473Z"},"targetIds":[2]}}

[1A[2KPAGE LOG: [2025-11-28T12:31:33.746Z]  @firebase/firestore: Firestore (12.4.0): WebChannelConnection RPC 'Listen' stream 0x6f894ce1 received: {"documentChange":{"document":{"name":"projects/marche-order-app/databases/(default)/documents/menus/nowgWHdFTB5zYnxxyRLj","fields":{"imageUrl":{"stringValue":"https://firebasestorage.googleapis.com/v0/b/marche-order-app.firebasestorage.app/o/menu-images%2FWT886O6XOyQzYloFo7cHCNsahEx2%2F1763735139922_mslh1dz.png?alt=media&token=fd019bbc-da88-4763-973e-1a5268013717"},"isSoldOut":{"booleanValue":false},"category":{"stringValue":"繝峨Μ繝・・"},"description":{"stringValue":""},"name":{"stringValue":"繧ｨ繝√が繝斐い"},"manageStock":{"booleanValue":false},"storeId":{"stringValue":"WT886O6XOyQzYloFo7cHCNsahEx2"},"sortOrder":{"integerValue":"0"},"stock":{"integerValue":"0"},"optionGroupIds":{"arrayValue":{}},"price":{"integerValue":"500"}},"createTime":"2025-11-17T08:36:59.877169Z","updateTime":"2025-11-21T14:25:40.806944Z"},"targetIds":[2]}}

[1A[2KPAGE LOG: [2025-11-28T12:31:33.746Z]  @firebase/firestore: Firestore (12.4.0): WebChannelConnection RPC 'Listen' stream 0x6f894ce1 received: {"documentChange":{"document":{"name":"projects/marche-order-app/databases/(default)/documents/menus/initial-item","fields":{"storeId":{"stringValue":"WT886O6XOyQzYloFo7cHCNsahEx2"},"isSoldOut":{"booleanValue":false},"sortOrder":{"integerValue":"1"},"category":{"stringValue":"Drinks"},"name":{"stringValue":"Initial Espresso"},"price":{"integerValue":"500"}},"createTime":"2025-11-23T12:21:07.572379Z","updateTime":"2025-11-24T12:48:32.666498Z"},"targetIds":[2]}}

[1A[2KPAGE LOG: [2025-11-28T12:31:33.746Z]  @firebase/firestore: Firestore (12.4.0): WebChannelConnection RPC 'Listen' stream 0x6f894ce1 received: {"targetChange":{"targetChangeType":"CURRENT","targetIds":[2],"resumeToken":"CgkI3+32+uyUkQM=","readTime":"2025-11-28T12:31:34.549215Z"}}

[1A[2KPAGE LOG: [2025-11-28T12:31:33.746Z]  @firebase/firestore: Firestore (12.4.0): WebChannelConnection RPC 'Listen' stream 0x6f894ce1 received: {"targetChange":{"resumeToken":"CgkI3+32+uyUkQM=","readTime":"2025-11-28T12:31:34.549215Z"}}

[1A[2KPAGE LOG: [2025-11-28T12:31:33.747Z]  @firebase/firestore: Firestore (12.4.0): MemoryPersistence Starting transaction: Get last remote snapshot version

[1A[2KPAGE LOG: [2025-11-28T12:31:33.748Z]  @firebase/firestore: Firestore (12.4.0): MemoryPersistence Starting transaction: Apply remote event

[1A[2KPAGE LOG: [2025-11-28T12:31:33.751Z]  @firebase/firestore: Firestore (12.4.0): MemoryPersistence Starting transaction: notifyLocalViewChanges

[1A[2KPAGE LOG: Failed to load resource: net::ERR_NAME_NOT_RESOLVED

[1A[2KPAGE LOG: [2025-11-28T12:31:33.798Z]  @firebase/firestore: Firestore (12.4.0): WebChannelConnection RPC 'Listen' stream 0x6f894ce1 received: {"filter":{"targetId":4,"count":1,"unchangedNames":{"bits":{"bitmap":"GMMA","padding":7},"hashCount":12}}}

[1A[2KPAGE LOG: [2025-11-28T12:31:33.798Z]  @firebase/firestore: Firestore (12.4.0): WebChannelConnection RPC 'Listen' stream 0x6f894ce1 received: {"targetChange":{"targetIds":[4],"resumeToken":"CgkI7/v5+uyUkQM=","readTime":"2025-11-28T12:31:34.600175Z"}}

[1A[2KPAGE LOG: [2025-11-28T12:31:33.798Z]  @firebase/firestore: Firestore (12.4.0): WebChannelConnection RPC 'Listen' stream 0x6f894ce1 received: {"filter":{"targetId":2,"count":4,"unchangedNames":{"bits":{"bitmap":"+k7JJ55s0kNvDQ==","padding":1},"hashCount":14}}}

[1A[2KPAGE LOG: [2025-11-28T12:31:33.798Z]  @firebase/firestore: Firestore (12.4.0): WebChannelConnection RPC 'Listen' stream 0x6f894ce1 received: {"targetChange":{"resumeToken":"CgkI7/v5+uyUkQM=","readTime":"2025-11-28T12:31:34.600175Z"}}

[1A[2KPAGE LOG: [2025-11-28T12:31:33.798Z]  @firebase/firestore: Firestore (12.4.0): MemoryPersistence Starting transaction: Get last remote snapshot version

[1A[2KPAGE LOG: [2025-11-28T12:31:33.799Z]  @firebase/firestore: Firestore (12.4.0): MemoryPersistence Starting transaction: Apply remote event

[1A[2KPAGE LOG: [2025-11-28T12:31:33.799Z]  @firebase/firestore: Firestore (12.4.0): MemoryPersistence Starting transaction: notifyLocalViewChanges

[1A[2KPAGE LOG: Failed to load resource: net::ERR_NAME_NOT_RESOLVED

[1A[2KPAGE LOG: [2025-11-28T12:31:35.612Z]  @firebase/firestore: Firestore (12.4.0): MemoryPersistence Starting transaction: Release target

[1A[2KPAGE LOG: [2025-11-28T12:31:35.613Z]  @firebase/firestore: Firestore (12.4.0): WebChannelConnection RPC 'Listen' stream 0x6f894ce1 sending: {"database":"projects/marche-order-app/databases/(default)","removeTarget":2}

[1A[2KPAGE LOG: [2025-11-28T12:31:35.614Z]  @firebase/firestore: Firestore (12.4.0): MemoryPersistence Starting transaction: Release target

[1A[2KPAGE LOG: [2025-11-28T12:31:35.614Z]  @firebase/firestore: Firestore (12.4.0): WebChannelConnection RPC 'Listen' stream 0x6f894ce1 sending: {"database":"projects/marche-order-app/databases/(default)","removeTarget":4}

[1A[2KPAGE LOG: [2025-11-28T12:31:35.639Z]  @firebase/firestore: Firestore (12.4.0): WebChannelConnection RPC 'Listen' stream 0x6f894ce1 received: {"targetChange":{"targetChangeType":"REMOVE","targetIds":[2]}}

[1A[2KPAGE LOG: [2025-11-28T12:31:35.648Z]  @firebase/firestore: Firestore (12.4.0): WebChannelConnection RPC 'Listen' stream 0x6f894ce1 received: {"targetChange":{"targetChangeType":"REMOVE","targetIds":[4]}}

[1A[2KPAGE LOG: [CheckoutPage] Starting handleConfirmOrder...

[1A[2KPAGE LOG: [CheckoutPage] storeId: WT886O6XOyQzYloFo7cHCNsahEx2

[1A[2KPAGE LOG: [CheckoutPage] items: [Object]

[1A[2KPAGE LOG: [2025-11-28T12:31:35.694Z]  @firebase/firestore: Firestore (12.4.0): RestConnection Sending RPC 'BatchGetDocuments' 0x6f894ce2: https://firestore.googleapis.com/v1/projects/marche-order-app/databases/(default)/documents:batchGet {"documents":["projects/marche-order-app/databases/(default)/documents/stores/WT886O6XOyQzYloFo7cHCNsahEx2"]}

[1A[2KPAGE LOG: [2025-11-28T12:31:35.694Z]  @firebase/firestore: Firestore (12.4.0): WebChannelConnection RPC 'BatchGetDocuments' 0x6f894ce3 sending request: {"documents":["projects/marche-order-app/databases/(default)/documents/stores/WT886O6XOyQzYloFo7cHCNsahEx2"]}

[1A[2KPAGE LOG: [2025-11-28T12:31:35.845Z]  @firebase/firestore: Firestore (12.4.0): WebChannelConnection XHR for RPC 'BatchGetDocuments' 0x6f894ce3 received: [{"found":{"name":"projects/marche-order-app/databases/(default)/documents/stores/WT886O6XOyQzYloFo7cHCNsahEx2","fields":{"name":{"stringValue":"Test Store"},"ownerId":{"stringValue":"WT886O6XOyQzYloFo7cHCNsahEx2"},"qrCodeSettings":{"mapValue":{"fields":{"color":{"stringValue":"#000000"},"logoUrl":{"nullValue":null}}}}},"createTime":"2025-11-17T08:35:18.737472Z","updateTime":"2025-11-28T12:22:40.444637Z"},"readTime":"2025-11-28T12:31:36.668193Z"}]

[1A[2KPAGE LOG: [2025-11-28T12:31:35.845Z]  @firebase/firestore: Firestore (12.4.0): WebChannelConnection RPC 'BatchGetDocuments' 0x6f894ce3 completed.

[1A[2KPAGE LOG: [2025-11-28T12:31:35.845Z]  @firebase/firestore: Firestore (12.4.0): RestConnection Received RPC 'BatchGetDocuments' 0x6f894ce2:  [{"found":{"name":"projects/marche-order-app/databases/(default)/documents/stores/WT886O6XOyQzYloFo7cHCNsahEx2","fields":{"name":{"stringValue":"Test Store"},"ownerId":{"stringValue":"WT886O6XOyQzYloFo7cHCNsahEx2"},"qrCodeSettings":{"mapValue":{"fields":{"color":{"stringValue":"#000000"},"logoUrl":{"nullValue":null}}}}},"createTime":"2025-11-17T08:35:18.737472Z","updateTime":"2025-11-28T12:22:40.444637Z"},"readTime":"2025-11-28T12:31:36.668193Z"}]

[1A[2KPAGE LOG: [2025-11-28T12:31:35.845Z]  @firebase/firestore: Firestore (12.4.0): RestConnection Sending RPC 'BatchGetDocuments' 0x6f894ce4: https://firestore.googleapis.com/v1/projects/marche-order-app/databases/(default)/documents:batchGet {"documents":["projects/marche-order-app/databases/(default)/documents/system_settings/orderNumbers"]}

[1A[2KPAGE LOG: [2025-11-28T12:31:35.845Z]  @firebase/firestore: Firestore (12.4.0): WebChannelConnection RPC 'BatchGetDocuments' 0x6f894ce5 sending request: {"documents":["projects/marche-order-app/databases/(default)/documents/system_settings/orderNumbers"]}

[1A[2KPAGE LOG: [2025-11-28T12:31:35.900Z]  @firebase/firestore: Firestore (12.4.0): WebChannelConnection XHR for RPC 'BatchGetDocuments' 0x6f894ce5 received: [{"found":{"name":"projects/marche-order-app/databases/(default)/documents/system_settings/orderNumbers","fields":{"nextManualOrderNumber":{"integerValue":"1"},"nextQrOrderNumber":{"integerValue":"120"}},"createTime":"2025-11-14T11:33:40.507413Z","updateTime":"2025-11-28T12:30:10.222835Z"},"readTime":"2025-11-28T12:31:36.570988Z"}]

[1A[2KPAGE LOG: [2025-11-28T12:31:35.900Z]  @firebase/firestore: Firestore (12.4.0): WebChannelConnection RPC 'BatchGetDocuments' 0x6f894ce5 completed.

[1A[2KPAGE LOG: [2025-11-28T12:31:35.900Z]  @firebase/firestore: Firestore (12.4.0): RestConnection Received RPC 'BatchGetDocuments' 0x6f894ce4:  [{"found":{"name":"projects/marche-order-app/databases/(default)/documents/system_settings/orderNumbers","fields":{"nextManualOrderNumber":{"integerValue":"1"},"nextQrOrderNumber":{"integerValue":"120"}},"createTime":"2025-11-14T11:33:40.507413Z","updateTime":"2025-11-28T12:30:10.222835Z"},"readTime":"2025-11-28T12:31:36.570988Z"}]

[1A[2KPAGE LOG: [2025-11-28T12:31:35.904Z]  @firebase/firestore: Firestore (12.4.0): RestConnection Sending RPC 'Commit' 0x6f894ce6: https://firestore.googleapis.com/v1/projects/marche-order-app/databases/(default)/documents:commit {"writes":[{"update":{"name":"projects/marche-order-app/databases/(default)/documents/system_settings/orderNumbers","fields":{"nextQrOrderNumber":{"integerValue":"121"}}},"updateMask":{"fieldPaths":["nextQrOrderNumber"]},"currentDocument":{"updateTime":"2025-11-28T12:30:10.222835000Z"}},{"update":{"name":"projects/marche-order-app/databases/(default)/documents/orders/VSaOYjtxvTyIyZaENpRc","fields":{"orderNumber":{"integerValue":"120"},"storeId":{"stringValue":"WT886O6XOyQzYloFo7cHCNsahEx2"},"uid":{"stringValue":"fd15abbbffef0b19"},"items":{"arrayValue":{"values":[{"mapValue":{"fields":{"name":{"stringValue":"Initial Espresso"},"quantity":{"integerValue":"1"},"price":{"integerValue":"500"}}}}]}},"totalPrice":{"integerValue":"500"},"status":{"stringValue":"new"},"orderType":{"stringValue":"qr"},"eventName":{"nullValue":"NULL_VALUE"}}},"updateTransforms":[{"fieldPath":"createdAt","setToServerValue":"REQUEST_TIME"}]},{"verify":"projects/marche-order-app/databases/(default)/documents/stores/WT886O6XOyQzYloFo7cHCNsahEx2","currentDocument":{"updateTime":"2025-11-28T12:22:40.444637000Z"}}]}

[1A[2KPAGE LOG: [2025-11-28T12:31:35.904Z]  @firebase/firestore: Firestore (12.4.0): WebChannelConnection RPC 'Commit' 0x6f894ce7 sending request: {"writes":[{"update":{"name":"projects/marche-order-app/databases/(default)/documents/system_settings/orderNumbers","fields":{"nextQrOrderNumber":{"integerValue":"121"}}},"updateMask":{"fieldPaths":["nextQrOrderNumber"]},"currentDocument":{"updateTime":"2025-11-28T12:30:10.222835000Z"}},{"update":{"name":"projects/marche-order-app/databases/(default)/documents/orders/VSaOYjtxvTyIyZaENpRc","fields":{"orderNumber":{"integerValue":"120"},"storeId":{"stringValue":"WT886O6XOyQzYloFo7cHCNsahEx2"},"uid":{"stringValue":"fd15abbbffef0b19"},"items":{"arrayValue":{"values":[{"mapValue":{"fields":{"name":{"stringValue":"Initial Espresso"},"quantity":{"integerValue":"1"},"price":{"integerValue":"500"}}}}]}},"totalPrice":{"integerValue":"500"},"status":{"stringValue":"new"},"orderType":{"stringValue":"qr"},"eventName":{"nullValue":"NULL_VALUE"}}},"updateTransforms":[{"fieldPath":"createdAt","setToServerValue":"REQUEST_TIME"}]},{"verify":"projects/marche-order-app/databases/(default)/documents/stores/WT886O6XOyQzYloFo7cHCNsahEx2","currentDocument":{"updateTime":"2025-11-28T12:22:40.444637000Z"}}]}

[1A[2KPAGE LOG: [2025-11-28T12:31:35.996Z]  @firebase/firestore: Firestore (12.4.0): WebChannelConnection XHR for RPC 'Commit' 0x6f894ce7 received: {"writeResults":[{"updateTime":"2025-11-28T12:31:36.835927Z"},{"updateTime":"2025-11-28T12:31:36.835927Z","transformResults":[{"timestampValue":"2025-11-28T12:31:36.805Z"}]},{"updateTime":"2025-11-28T12:22:40.444637Z"}],"commitTime":"2025-11-28T12:31:36.835927Z"}

[1A[2KPAGE LOG: [2025-11-28T12:31:35.996Z]  @firebase/firestore: Firestore (12.4.0): WebChannelConnection RPC 'Commit' 0x6f894ce7 completed.

[1A[2KPAGE LOG: [2025-11-28T12:31:35.997Z]  @firebase/firestore: Firestore (12.4.0): RestConnection Received RPC 'Commit' 0x6f894ce6:  {"writeResults":[{"updateTime":"2025-11-28T12:31:36.835927Z"},{"updateTime":"2025-11-28T12:31:36.835927Z","transformResults":[{"timestampValue":"2025-11-28T12:31:36.805Z"}]},{"updateTime":"2025-11-28T12:22:40.444637Z"}],"commitTime":"2025-11-28T12:31:36.835927Z"}

[1A[2KPAGE LOG: [CheckoutPage] Order created successfully. New Order ID: VSaOYjtxvTyIyZaENpRc

[1A[2KPAGE LOG: [CheckoutPage] Navigating to: /order/VSaOYjtxvTyIyZaENpRc

[1A[2KPAGE LOG: [2025-11-28T12:31:36.027Z]  @firebase/firestore: Firestore (12.4.0): MemoryPersistence Starting transaction: Allocate target

[1A[2KPAGE LOG: [2025-11-28T12:31:36.028Z]  @firebase/firestore: Firestore (12.4.0): MemoryPersistence Starting transaction: Execute query

[1A[2KPAGE LOG: [2025-11-28T12:31:36.028Z]  @firebase/firestore: Firestore (12.4.0): QueryEngine Using full collection scan to execute query: Query(target=Target(orders/VSaOYjtxvTyIyZaENpRc, orderBy: [__name__ (asc)]); limitType=F)

[1A[2KPAGE LOG: [2025-11-28T12:31:36.030Z]  @firebase/firestore: Firestore (12.4.0): WebChannelConnection RPC 'Listen' stream 0x6f894ce1 sending: {"database":"projects/marche-order-app/databases/(default)","addTarget":{"documents":{"documents":["projects/marche-order-app/databases/(default)/documents/orders/VSaOYjtxvTyIyZaENpRc"]},"targetId":6}}

[1A[2KPAGE LOG: [2025-11-28T12:31:36.055Z]  @firebase/firestore: Firestore (12.4.0): WebChannelConnection RPC 'Listen' stream 0x6f894ce1 received: {"targetChange":{"targetChangeType":"ADD","targetIds":[6]}}

[1A[2KPAGE LOG: [2025-11-28T12:31:36.085Z]  @firebase/firestore: Firestore (12.4.0): WebChannelConnection RPC 'Listen' stream 0x6f894ce1 received: {"documentChange":{"document":{"name":"projects/marche-order-app/databases/(default)/documents/orders/VSaOYjtxvTyIyZaENpRc","fields":{"createdAt":{"timestampValue":"2025-11-28T12:31:36.805Z"},"storeId":{"stringValue":"WT886O6XOyQzYloFo7cHCNsahEx2"},"status":{"stringValue":"new"},"orderNumber":{"integerValue":"120"},"totalPrice":{"integerValue":"500"},"items":{"arrayValue":{"values":[{"mapValue":{"fields":{"price":{"integerValue":"500"},"name":{"stringValue":"Initial Espresso"},"quantity":{"integerValue":"1"}}}}]}},"orderType":{"stringValue":"qr"},"uid":{"stringValue":"fd15abbbffef0b19"},"eventName":{"nullValue":null}},"createTime":"2025-11-28T12:31:36.835927Z","updateTime":"2025-11-28T12:31:36.835927Z"},"targetIds":[6]}}

[1A[2KPAGE LOG: [2025-11-28T12:31:36.085Z]  @firebase/firestore: Firestore (12.4.0): WebChannelConnection RPC 'Listen' stream 0x6f894ce1 received: {"targetChange":{"targetChangeType":"CURRENT","targetIds":[6],"resumeToken":"CgkI8JmG/OyUkQM=","readTime":"2025-11-28T12:31:36.897776Z"}}

[1A[2KPAGE LOG: [2025-11-28T12:31:36.086Z]  @firebase/firestore: Firestore (12.4.0): WebChannelConnection RPC 'Listen' stream 0x6f894ce1 received: {"targetChange":{"resumeToken":"CgkI8JmG/OyUkQM=","readTime":"2025-11-28T12:31:36.897776Z"}}

[1A[2KPAGE LOG: [2025-11-28T12:31:36.086Z]  @firebase/firestore: Firestore (12.4.0): MemoryPersistence Starting transaction: Get last remote snapshot version

[1A[2KPAGE LOG: [2025-11-28T12:31:36.086Z]  @firebase/firestore: Firestore (12.4.0): MemoryPersistence Starting transaction: Apply remote event

[1A[2KPAGE LOG: [2025-11-28T12:31:36.086Z]  @firebase/firestore: Firestore (12.4.0): MemoryPersistence Starting transaction: notifyLocalViewChanges

[1A[2KPAGE LOG: [2025-11-28T12:31:36.087Z]  @firebase/firestore: Firestore (12.4.0): MemoryPersistence Starting transaction: Allocate target

[1A[2KPAGE LOG: [2025-11-28T12:31:36.087Z]  @firebase/firestore: Firestore (12.4.0): MemoryPersistence Starting transaction: Execute query

[1A[2KPAGE LOG: [2025-11-28T12:31:36.088Z]  @firebase/firestore: Firestore (12.4.0): QueryEngine Using full collection scan to execute query: Query(target=Target(stores/WT886O6XOyQzYloFo7cHCNsahEx2, orderBy: [__name__ (asc)]); limitType=F)

[1A[2KPAGE LOG: [2025-11-28T12:31:36.088Z]  @firebase/firestore: Firestore (12.4.0): WebChannelConnection RPC 'Listen' stream 0x6f894ce1 sending: {"database":"projects/marche-order-app/databases/(default)","addTarget":{"documents":{"documents":["projects/marche-order-app/databases/(default)/documents/stores/WT886O6XOyQzYloFo7cHCNsahEx2"]},"targetId":8}}

[1A[2KPAGE LOG: [2025-11-28T12:31:36.117Z]  @firebase/firestore: Firestore (12.4.0): WebChannelConnection RPC 'Listen' stream 0x6f894ce1 received: {"targetChange":{"targetChangeType":"ADD","targetIds":[8]}}

[1A[2KPAGE LOG: [2025-11-28T12:31:36.142Z]  @firebase/firestore: Firestore (12.4.0): WebChannelConnection RPC 'Listen' stream 0x6f894ce1 received: {"documentChange":{"document":{"name":"projects/marche-order-app/databases/(default)/documents/stores/WT886O6XOyQzYloFo7cHCNsahEx2","fields":{"name":{"stringValue":"Test Store"},"qrCodeSettings":{"mapValue":{"fields":{"logoUrl":{"nullValue":null},"color":{"stringValue":"#000000"}}}},"ownerId":{"stringValue":"WT886O6XOyQzYloFo7cHCNsahEx2"}},"createTime":"2025-11-17T08:35:18.737472Z","updateTime":"2025-11-28T12:22:40.444637Z"},"targetIds":[8]}}

[1A[2KPAGE LOG: [2025-11-28T12:31:36.142Z]  @firebase/firestore: Firestore (12.4.0): WebChannelConnection RPC 'Listen' stream 0x6f894ce1 received: {"targetChange":{"targetChangeType":"CURRENT","targetIds":[8],"resumeToken":"CgkI1d+J/OyUkQM=","readTime":"2025-11-28T12:31:36.955861Z"}}

[1A[2KPAGE LOG: [2025-11-28T12:31:36.142Z]  @firebase/firestore: Firestore (12.4.0): WebChannelConnection RPC 'Listen' stream 0x6f894ce1 received: {"targetChange":{"resumeToken":"CgkI1d+J/OyUkQM=","readTime":"2025-11-28T12:31:36.955861Z"}}

[1A[2KPAGE LOG: [2025-11-28T12:31:36.143Z]  @firebase/firestore: Firestore (12.4.0): MemoryPersistence Starting transaction: Get last remote snapshot version

[1A[2KPAGE LOG: [2025-11-28T12:31:36.143Z]  @firebase/firestore: Firestore (12.4.0): MemoryPersistence Starting transaction: Apply remote event

[1A[2KPAGE LOG: [2025-11-28T12:31:36.144Z]  @firebase/firestore: Firestore (12.4.0): MemoryPersistence Starting transaction: notifyLocalViewChanges

[1A[2KPAGE LOG: [2025-11-28T12:31:36.144Z]  @firebase/firestore: Firestore (12.4.0): MemoryPersistence Starting transaction: Release target

[1A[2KPAGE LOG: [2025-11-28T12:31:36.145Z]  @firebase/firestore: Firestore (12.4.0): WebChannelConnection RPC 'Listen' stream 0x6f894ce1 sending: {"database":"projects/marche-order-app/databases/(default)","removeTarget":8}

[1A[2KPAGE LOG: [2025-11-28T12:31:36.180Z]  @firebase/firestore: Firestore (12.4.0): WebChannelConnection RPC 'Listen' stream 0x6f894ce1 received: {"targetChange":{"targetChangeType":"REMOVE","targetIds":[8]}}

[1A[2KPAGE LOG: [PaymentCompletePage] Fetching order: VSaOYjtxvTyIyZaENpRc

[1A[2KPAGE LOG: [2025-11-28T12:31:36.259Z]  @firebase/firestore: Firestore (12.4.0): MemoryPersistence Starting transaction: Release target

[1A[2KPAGE LOG: [2025-11-28T12:31:36.259Z]  @firebase/firestore: Firestore (12.4.0): WebChannelConnection RPC 'Listen' stream 0x6f894ce1 sending: {"database":"projects/marche-order-app/databases/(default)","removeTarget":6}

[1A[2KPAGE LOG: [2025-11-28T12:31:36.260Z]  @firebase/firestore: Firestore (12.4.0): MemoryPersistence Starting transaction: Allocate target

[1A[2KPAGE LOG: [2025-11-28T12:31:36.260Z]  @firebase/firestore: Firestore (12.4.0): MemoryPersistence Starting transaction: Execute query

[1A[2KPAGE LOG: [2025-11-28T12:31:36.260Z]  @firebase/firestore: Firestore (12.4.0): QueryEngine Using full collection scan to execute query: Query(target=Target(orders/VSaOYjtxvTyIyZaENpRc, orderBy: [__name__ (asc)]); limitType=F)

[1A[2KPAGE LOG: [2025-11-28T12:31:36.261Z]  @firebase/firestore: Firestore (12.4.0): WebChannelConnection RPC 'Listen' stream 0x6f894ce1 sending: {"database":"projects/marche-order-app/databases/(default)","addTarget":{"documents":{"documents":["projects/marche-order-app/databases/(default)/documents/orders/VSaOYjtxvTyIyZaENpRc"]},"targetId":6,"resumeToken":"CgkI1d+J/OyUkQM=","expectedCount":1}}

[1A[2KPAGE LOG: [2025-11-28T12:31:36.286Z]  @firebase/firestore: Firestore (12.4.0): WebChannelConnection RPC 'Listen' stream 0x6f894ce1 received: {"targetChange":{"targetChangeType":"REMOVE","targetIds":[6]}}

[1A[2KPAGE LOG: [2025-11-28T12:31:36.286Z]  @firebase/firestore: Firestore (12.4.0): WebChannelConnection RPC 'Listen' stream 0x6f894ce1 received: {"targetChange":{"targetChangeType":"ADD","targetIds":[6]}}

[1A[2KPAGE LOG: [2025-11-28T12:31:36.286Z]  @firebase/firestore: Firestore (12.4.0): WebChannelConnection RPC 'Listen' stream 0x6f894ce1 received: {"targetChange":{"resumeToken":"CgkI1d+J/OyUkQM=","readTime":"2025-11-28T12:31:36.955861Z"}}

[1A[2KPAGE LOG: [2025-11-28T12:31:36.286Z]  @firebase/firestore: Firestore (12.4.0): MemoryPersistence Starting transaction: Get last remote snapshot version

[1A[2KPAGE LOG: [2025-11-28T12:31:36.286Z]  @firebase/firestore: Firestore (12.4.0): MemoryPersistence Starting transaction: Apply remote event

[1A[2KPAGE LOG: [2025-11-28T12:31:36.287Z]  @firebase/firestore: Firestore (12.4.0): MemoryPersistence Starting transaction: notifyLocalViewChanges

[1A[2KPAGE LOG: [2025-11-28T12:31:36.287Z]  @firebase/firestore: Firestore (12.4.0): MemoryPersistence Starting transaction: Allocate target

[1A[2KPAGE LOG: [2025-11-28T12:31:36.287Z]  @firebase/firestore: Firestore (12.4.0): MemoryPersistence Starting transaction: Execute query

[1A[2KPAGE LOG: [2025-11-28T12:31:36.287Z]  @firebase/firestore: Firestore (12.4.0): QueryEngine Using full collection scan to execute query: Query(target=Target(stores/WT886O6XOyQzYloFo7cHCNsahEx2, orderBy: [__name__ (asc)]); limitType=F)

[1A[2KPAGE LOG: [2025-11-28T12:31:36.287Z]  @firebase/firestore: Firestore (12.4.0): WebChannelConnection RPC 'Listen' stream 0x6f894ce1 sending: {"database":"projects/marche-order-app/databases/(default)","addTarget":{"documents":{"documents":["projects/marche-order-app/databases/(default)/documents/stores/WT886O6XOyQzYloFo7cHCNsahEx2"]},"targetId":8,"resumeToken":"CgkI1d+J/OyUkQM=","expectedCount":1}}

[1A[2KPAGE LOG: [2025-11-28T12:31:36.288Z]  @firebase/firestore: Firestore (12.4.0): MemoryPersistence Starting transaction: Release target

[1A[2KPAGE LOG: [PaymentCompletePage] Order found: {createdAt: _Timestamp, storeId: WT886O6XOyQzYloFo7cHCNsahEx2, status: new, orderNumber: 120, totalPrice: 500}

[1A[2KPAGE LOG: [2025-11-28T12:31:36.288Z]  @firebase/firestore: Firestore (12.4.0): WebChannelConnection RPC 'Listen' stream 0x6f894ce1 sending: {"database":"projects/marche-order-app/databases/(default)","removeTarget":6}

[1A[2KPAGE LOG: [2025-11-28T12:31:36.315Z]  @firebase/firestore: Firestore (12.4.0): WebChannelConnection RPC 'Listen' stream 0x6f894ce1 received: {"targetChange":{"targetChangeType":"ADD","targetIds":[8]}}

[1A[2KPAGE LOG: [2025-11-28T12:31:36.315Z]  @firebase/firestore: Firestore (12.4.0): WebChannelConnection RPC 'Listen' stream 0x6f894ce1 received: {"targetChange":{"resumeToken":"CgkI1d+J/OyUkQM=","readTime":"2025-11-28T12:31:36.955861Z"}}

[1A[2KPAGE LOG: [2025-11-28T12:31:36.315Z]  @firebase/firestore: Firestore (12.4.0): WebChannelConnection RPC 'Listen' stream 0x6f894ce1 received: {"targetChange":{"targetChangeType":"REMOVE","targetIds":[6]}}

[1A[2KPAGE LOG: [2025-11-28T12:31:36.315Z]  @firebase/firestore: Firestore (12.4.0): WatchChangeAggregator Detected inactive target 6

[1A[2KPAGE LOG: [2025-11-28T12:31:36.315Z]  @firebase/firestore: Firestore (12.4.0): MemoryPersistence Starting transaction: Get last remote snapshot version

[1A[2KPAGE LOG: [2025-11-28T12:31:36.315Z]  @firebase/firestore: Firestore (12.4.0): MemoryPersistence Starting transaction: Apply remote event

[1A[2KPAGE LOG: [2025-11-28T12:31:36.316Z]  @firebase/firestore: Firestore (12.4.0): MemoryPersistence Starting transaction: notifyLocalViewChanges

[1A[2K  1) [chromium] 窶ｺ tests\customer-flow.spec.ts:4:1 窶ｺ Customer Order Flow 笏笏笏笏笏笏笏笏笏笏笏笏笏笏笏笏笏笏笏笏笏笏笏笏笏笏笏笏

    Error: [2mexpect([22m[31mlocator[39m[2m).[22mtoBeVisible[2m([22m[2m)[22m failed

    Locator: getByText(/豕ｨ譁・分蜿ｷ/)
    Expected: visible
    Error: strict mode violation: getByText(/豕ｨ譁・分蜿ｷ/) resolved to 3 elements:
        1) <p class="MuiTypography-root MuiTypography-body1 MuiTypography-gutterBottom css-1ydyjjr-MuiTypography-root">豕ｨ譁・分蜿ｷ</p> aka getByText('豕ｨ譁・分蜿ｷ', { exact: true })
        2) <p class="MuiTypography-root MuiTypography-body1 css-ndaqpv-MuiTypography-root">繧ｹ繧ｿ繝・ヵ縺ｫ縺薙・逕ｻ髱｢・域ｳｨ譁・分蜿ｷ・峨ｒ謠千､ｺ縺励※縺上□縺輔＞縲・/p> aka getByText('繧ｹ繧ｿ繝・ヵ縺ｫ縺薙・逕ｻ髱｢・域ｳｨ譁・分蜿ｷ・峨ｒ謠千､ｺ縺励※縺上□縺輔＞縲・)
        3) <p class="MuiTypography-root MuiTypography-body2 css-e784if-MuiTypography-root">蝠・刀縺悟・譚･荳翫′繧翫∪縺励◆繧峨∵ｳｨ譁・分蜿ｷ縺ｧ縺雁他縺ｳ縺励∪縺吶・/p> aka getByText('蝠・刀縺悟・譚･荳翫′繧翫∪縺励◆繧峨∵ｳｨ譁・分蜿ｷ縺ｧ縺雁他縺ｳ縺励∪縺吶・)

    Call log:
    [2m  - Expect "toBeVisible" with timeout 10000ms[22m
    [2m  - waiting for getByText(/豕ｨ譁・分蜿ｷ/)[22m


      94 |
      95 |   // Verify order number is displayed on completion page
    > 96 |   await expect(page.getByText(/豕ｨ譁・分蜿ｷ/)).toBeVisible({ timeout: 10000 });
         |                                        ^
      97 | });
      98 |
        at D:\繝・せ繧ｯ繝医ャ繝予marche-app\tests\customer-flow.spec.ts:96:40

    Error Context: test-results\customer-flow-Customer-Order-Flow-chromium\error-context.md


[1A[2K  1 failed
    [chromium] 窶ｺ tests\customer-flow.spec.ts:4:1 窶ｺ Customer Order Flow 笏笏笏笏笏笏笏笏笏笏笏笏笏笏笏笏笏笏笏笏笏笏笏笏笏笏笏笏笏

[36m  Serving HTML report at http://localhost:50592. Press Ctrl+C to quit.[39m
